// Jest Snapshot v1, https://goo.gl/fbAQLP

exports[`Menu Component when props are valid should render snapshot of the component 1`] = `
<div
  className="restaurant"
>
  <MenuHeader
    address="Menu address"
    imgUrl="https://google.com"
    rating={2.5}
    reviews={100}
    title="Menu title"
  />
  <div
    className="menu"
  >
    <MenuSection
      description="Section description 1"
      id="S1"
      key="S1"
      menuItems={
        Array [
          Object {
            "description": "Item description 1",
            "id": "I1",
            "price": 4,
            "title": "Item title 1",
          },
          Object {
            "description": "Item description 2",
            "id": "I2",
            "price": 5,
            "title": "Item title 2",
          },
        ]
      }
      onClickMenuItem={[MockFunction]}
      title="Section title 1"
    />
    <MenuSection
      description="Section description 2"
      id="S2"
      key="S2"
      menuItems={
        Array [
          Object {
            "description": "Item description 3",
            "id": "I3",
            "price": 2,
            "title": "Item title 3",
          },
          Object {
            "description": "Item description 4",
            "id": "I4",
            "price": 8,
            "title": "Item title 4",
          },
        ]
      }
      onClickMenuItem={[MockFunction]}
      title="Section title 2"
    />
  </div>
</div>
`;
