// Jest Snapshot v1, https://goo.gl/fbAQLP

exports[`MenuSection Component when props are valid should render snapshot of the component 1`] = `
<div
  className="menu_section"
>
  <div
    className="menu_section--header"
  >
    <div
      className="row"
    >
      <div
        className="col-sm-11 menu_section--title"
      >
        <span>
          Section title
        </span>
      </div>
      <div
        className="col-sm-1"
      >
        <button
          className="btn btn-primary"
          data-target="#11"
          data-toggle="collapse"
          type="button"
        >
          v
        </button>
      </div>
    </div>
    <div
      className="row"
    >
      <div
        className="col-sm-12 menu_section--description"
      >
        <span>
          Section description
        </span>
      </div>
    </div>
  </div>
  <div
    className="collapse menu_section--body"
    id="11"
  >
    <MenuItem
      description="description 1"
      id="1"
      key="1"
      onClick={[MockFunction]}
      price={4}
      title="title 1"
    />
    <MenuItem
      description="description 2"
      id="2"
      key="2"
      onClick={[MockFunction]}
      price={10}
      title="title 2"
    />
  </div>
</div>
`;
