// Jest Snapshot v1, https://goo.gl/fbAQLP

exports[`Menu Header Component when props are valid should render snapshot of the component 1`] = `
<div
  className="media"
>
  <div
    className="media-left"
  >
    <img
      alt="Menu title"
      className="mr-3"
      height={100}
      src="https://google.com"
      width={120}
    />
  </div>
  <div
    className="media-body"
  >
    <div
      className="row"
    >
      <div
        className="col-sm-12"
      >
        <h2>
          Menu title
        </h2>
      </div>
    </div>
    <div
      className="row"
    >
      <div
        className="col-sm-2"
      >
        <StarRatings
          changeRating={null}
          gradientPathName=""
          ignoreInlineStyles={false}
          numberOfStars={5}
          rating={2.5}
          starDimension="20px"
          starEmptyColor="rgb(203, 211, 227)"
          starHoverColor="rgb(230, 67, 47)"
          starRatedColor="red"
          starSpacing="1px"
          svgIconPath="m25,1 6,17h18l-14,11 5,17-15-10-15,10 5-17-14-11h18z"
          svgIconViewBox="0 0 51 48"
          typeOfWidget="Star"
        />
      </div>
      <div
        className="col-sm-10"
      >
        <span>
          100
           reviews
        </span>
      </div>
    </div>
    <div
      className="row"
    >
      <div
        className="col-sm-12"
      >
        <span>
          Menu address
        </span>
      </div>
    </div>
  </div>
</div>
`;
